Archive member included to satisfy reference by file (symbol)

C:/ST/STM32CubeIDE_1.14.0/STM32CubeIDE/plugins/com.st.stm32cube.ide.mcu.externaltools.gnu-tools-for-stm32.11.3.rel1.win32_1.1.100.202309141235/tools/bin/../lib/gcc/arm-none-eabi/11.3.1/../../../../arm-none-eabi/lib/thumb/v7-m/nofp\libc_nano.a(libc_a-exit.o)
                              C:/ST/STM32CubeIDE_1.14.0/STM32CubeIDE/plugins/com.st.stm32cube.ide.mcu.externaltools.gnu-tools-for-stm32.11.3.rel1.win32_1.1.100.202309141235/tools/bin/../lib/gcc/arm-none-eabi/11.3.1/../../../../arm-none-eabi/lib/thumb/v7-m/nofp/crt0.o (exit)
C:/ST/STM32CubeIDE_1.14.0/STM32CubeIDE/plugins/com.st.stm32cube.ide.mcu.externaltools.gnu-tools-for-stm32.11.3.rel1.win32_1.1.100.202309141235/tools/bin/../lib/gcc/arm-none-eabi/11.3.1/../../../../arm-none-eabi/lib/thumb/v7-m/nofp\libc_nano.a(libc_a-findfp.o)
                              C:/ST/STM32CubeIDE_1.14.0/STM32CubeIDE/plugins/com.st.stm32cube.ide.mcu.externaltools.gnu-tools-for-stm32.11.3.rel1.win32_1.1.100.202309141235/tools/bin/../lib/gcc/arm-none-eabi/11.3.1/../../../../arm-none-eabi/lib/thumb/v7-m/nofp\libc_nano.a(libc_a-exit.o) (__stdio_exit_handler)
C:/ST/STM32CubeIDE_1.14.0/STM32CubeIDE/plugins/com.st.stm32cube.ide.mcu.externaltools.gnu-tools-for-stm32.11.3.rel1.win32_1.1.100.202309141235/tools/bin/../lib/gcc/arm-none-eabi/11.3.1/../../../../arm-none-eabi/lib/thumb/v7-m/nofp\libc_nano.a(libc_a-fwalk.o)
                              C:/ST/STM32CubeIDE_1.14.0/STM32CubeIDE/plugins/com.st.stm32cube.ide.mcu.externaltools.gnu-tools-for-stm32.11.3.rel1.win32_1.1.100.202309141235/tools/bin/../lib/gcc/arm-none-eabi/11.3.1/../../../../arm-none-eabi/lib/thumb/v7-m/nofp\libc_nano.a(libc_a-findfp.o) (_fwalk_sglue)
C:/ST/STM32CubeIDE_1.14.0/STM32CubeIDE/plugins/com.st.stm32cube.ide.mcu.externaltools.gnu-tools-for-stm32.11.3.rel1.win32_1.1.100.202309141235/tools/bin/../lib/gcc/arm-none-eabi/11.3.1/../../../../arm-none-eabi/lib/thumb/v7-m/nofp\libc_nano.a(libc_a-stdio.o)
                              C:/ST/STM32CubeIDE_1.14.0/STM32CubeIDE/plugins/com.st.stm32cube.ide.mcu.externaltools.gnu-tools-for-stm32.11.3.rel1.win32_1.1.100.202309141235/tools/bin/../lib/gcc/arm-none-eabi/11.3.1/../../../../arm-none-eabi/lib/thumb/v7-m/nofp\libc_nano.a(libc_a-findfp.o) (__sread)
C:/ST/STM32CubeIDE_1.14.0/STM32CubeIDE/plugins/com.st.stm32cube.ide.mcu.externaltools.gnu-tools-for-stm32.11.3.rel1.win32_1.1.100.202309141235/tools/bin/../lib/gcc/arm-none-eabi/11.3.1/../../../../arm-none-eabi/lib/thumb/v7-m/nofp\libc_nano.a(libc_a-memset.o)
                              C:/ST/STM32CubeIDE_1.14.0/STM32CubeIDE/plugins/com.st.stm32cube.ide.mcu.externaltools.gnu-tools-for-stm32.11.3.rel1.win32_1.1.100.202309141235/tools/bin/../lib/gcc/arm-none-eabi/11.3.1/../../../../arm-none-eabi/lib/thumb/v7-m/nofp/crt0.o (memset)
C:/ST/STM32CubeIDE_1.14.0/STM32CubeIDE/plugins/com.st.stm32cube.ide.mcu.externaltools.gnu-tools-for-stm32.11.3.rel1.win32_1.1.100.202309141235/tools/bin/../lib/gcc/arm-none-eabi/11.3.1/../../../../arm-none-eabi/lib/thumb/v7-m/nofp\libc_nano.a(libc_a-closer.o)
                              C:/ST/STM32CubeIDE_1.14.0/STM32CubeIDE/plugins/com.st.stm32cube.ide.mcu.externaltools.gnu-tools-for-stm32.11.3.rel1.win32_1.1.100.202309141235/tools/bin/../lib/gcc/arm-none-eabi/11.3.1/../../../../arm-none-eabi/lib/thumb/v7-m/nofp\libc_nano.a(libc_a-stdio.o) (_close_r)
C:/ST/STM32CubeIDE_1.14.0/STM32CubeIDE/plugins/com.st.stm32cube.ide.mcu.externaltools.gnu-tools-for-stm32.11.3.rel1.win32_1.1.100.202309141235/tools/bin/../lib/gcc/arm-none-eabi/11.3.1/../../../../arm-none-eabi/lib/thumb/v7-m/nofp\libc_nano.a(libc_a-reent.o)
                              C:/ST/STM32CubeIDE_1.14.0/STM32CubeIDE/plugins/com.st.stm32cube.ide.mcu.externaltools.gnu-tools-for-stm32.11.3.rel1.win32_1.1.100.202309141235/tools/bin/../lib/gcc/arm-none-eabi/11.3.1/../../../../arm-none-eabi/lib/thumb/v7-m/nofp\libc_nano.a(libc_a-closer.o) (errno)
C:/ST/STM32CubeIDE_1.14.0/STM32CubeIDE/plugins/com.st.stm32cube.ide.mcu.externaltools.gnu-tools-for-stm32.11.3.rel1.win32_1.1.100.202309141235/tools/bin/../lib/gcc/arm-none-eabi/11.3.1/../../../../arm-none-eabi/lib/thumb/v7-m/nofp\libc_nano.a(libc_a-impure.o)
                              C:/ST/STM32CubeIDE_1.14.0/STM32CubeIDE/plugins/com.st.stm32cube.ide.mcu.externaltools.gnu-tools-for-stm32.11.3.rel1.win32_1.1.100.202309141235/tools/bin/../lib/gcc/arm-none-eabi/11.3.1/../../../../arm-none-eabi/lib/thumb/v7-m/nofp\libc_nano.a(libc_a-reent.o) (_impure_ptr)
C:/ST/STM32CubeIDE_1.14.0/STM32CubeIDE/plugins/com.st.stm32cube.ide.mcu.externaltools.gnu-tools-for-stm32.11.3.rel1.win32_1.1.100.202309141235/tools/bin/../lib/gcc/arm-none-eabi/11.3.1/../../../../arm-none-eabi/lib/thumb/v7-m/nofp\libc_nano.a(libc_a-lseekr.o)
[...]
Memory Configuration

Name             Origin             Length             Attributes
RAM              0x0000000020000000 0x0000000000005000 xrw
FLASH            0x0000000008000000 0x0000000000010000 xr
*default*        0x0000000000000000 0xffffffffffffffff

Linker script and memory map

LOAD C:/ST/STM32CubeIDE_1.14.0/STM32CubeIDE/plugins/com.st.stm32cube.ide.mcu.externaltools.gnu-tools-for-stm32.11.3.rel1.win32_1.1.100.202309141235/tools/bin/../lib/gcc/arm-none-eabi/11.3.1/thumb/v7-m/nofp/crti.o
LOAD C:/ST/STM32CubeIDE_1.14.0/STM32CubeIDE/plugins/com.st.stm32cube.ide.mcu.externaltools.gnu-tools-for-stm32.11.3.rel1.win32_1.1.100.202309141235/tools/bin/../lib/gcc/arm-none-eabi/11.3.1/thumb/v7-m/nofp/crtbegin.o
LOAD C:/ST/STM32CubeIDE_1.14.0/STM32CubeIDE/plugins/com.st.stm32cube.ide.mcu.externaltools.gnu-tools-for-stm32.11.3.rel1.win32_1.1.100.202309141235/tools/bin/../lib/gcc/arm-none-eabi/11.3.1/../../../../arm-none-eabi/lib/thumb/v7-m/nofp/crt0.o
LOAD ./Src/HAL/Button_progaram.o
LOAD ./Src/HAL/Buzzer_Program.o
LOAD ./Src/HAL/CLCD_program.o
LOAD ./Src/HAL/DCMOTOR_program.o
LOAD ./Src/HAL/Keypad_Program.o
LOAD ./Src/HAL/LED_Program.o
LOAD ./Src/HAL/Servo_Program.o
LOAD ./Src/MCAL/ADC_program.o
LOAD ./Src/MCAL/AFIO_program.o
LOAD ./Src/MCAL/DMA_program.o
LOAD ./Src/MCAL/EXTI_program.o
LOAD ./Src/MCAL/Flasher_program.o
LOAD ./Src/MCAL/GPIO_program.o
LOAD ./Src/MCAL/GPT_Program.o
LOAD ./Src/MCAL/NVIC_program.o
LOAD ./Src/MCAL/PORT_program.o
LOAD ./Src/MCAL/RCC_program.o
LOAD ./Src/MCAL/SYSTICK_program.o
LOAD ./Src/MCAL/TIMER1_program.o
LOAD ./Src/MCAL/UART_Program.o
LOAD ./Src/ellithy_dalay.o
LOAD ./Src/main.o
LOAD ./Src/syscalls.o
LOAD ./Src/sysmem.o
LOAD ./Startup/startup_stm32f103c8tx.o
START GROUP
LOAD C:/ST/STM32CubeIDE_1.14.0/STM32CubeIDE/plugins/com.st.stm32cube.ide.mcu.externaltools.gnu-tools-for-stm32.11.3.rel1.win32_1.1.100.202309141235/tools/bin/../lib/gcc/arm-none-eabi/11.3.1/../../../../arm-none-eabi/lib/thumb/v7-m/nofp\libc_nano.a
LOAD C:/ST/STM32CubeIDE_1.14.0/STM32CubeIDE/plugins/com.st.stm32cube.ide.mcu.externaltools.gnu-tools-for-stm32.11.3.rel1.win32_1.1.100.202309141235/tools/bin/../lib/gcc/arm-none-eabi/11.3.1/../../../../arm-none-eabi/lib/thumb/v7-m/nofp\libm.a
END GROUP
START GROUP
LOAD C:/ST/STM32CubeIDE_1.14.0/STM32CubeIDE/plugins/com.st.stm32cube.ide.mcu.externaltools.gnu-tools-for-stm32.11.3.rel1.win32_1.1.100.202309141235/tools/bin/../lib/gcc/arm-none-eabi/11.3.1/thumb/v7-m/nofp\libgcc.a
LOAD C:/ST/STM32CubeIDE_1.14.0/STM32CubeIDE/plugins/com.st.stm32cube.ide.mcu.externaltools.gnu-tools-for-stm32.11.3.rel1.win32_1.1.100.202309141235/tools/bin/../lib/gcc/arm-none-eabi/11.3.1/../../../../arm-none-eabi/lib/thumb/v7-m/nofp\libc_nano.a
END GROUP
START GROUP
LOAD C:/ST/STM32CubeIDE_1.14.0/STM32CubeIDE/plugins/com.st.stm32cube.ide.mcu.externaltools.gnu-tools-for-stm32.11.3.rel1.win32_1.1.100.202309141235/tools/bin/../lib/gcc/arm-none-eabi/11.3.1/thumb/v7-m/nofp\libgcc.a
LOAD C:/ST/STM32CubeIDE_1.14.0/STM32CubeIDE/plugins/com.st.stm32cube.ide.mcu.externaltools.gnu-tools-for-stm32.11.3.rel1.win32_1.1.100.202309141235/tools/bin/../lib/gcc/arm-none-eabi/11.3.1/../../../../arm-none-eabi/lib/thumb/v7-m/nofp\libc_nano.a
LOAD C:/ST/STM32CubeIDE_1.14.0/STM32CubeIDE/plugins/com.st.stm32cube.ide.mcu.externaltools.gnu-tools-for-stm32.11.3.rel1.win32_1.1.100.202309141235/tools/bin/../lib/gcc/arm-none-eabi/11.3.1/../../../../arm-none-eabi/lib/thumb/v7-m/nofp\libnosys.a
END GROUP
START GROUP
LOAD C:/ST/STM32CubeIDE_1.14.0/STM32CubeIDE/plugins/com.st.stm32cube.ide.mcu.externaltools.gnu-tools-for-stm32.11.3.rel1.win32_1.1.100.202309141235/tools/bin/../lib/gcc/arm-none-eabi/11.3.1/thumb/v7-m/nofp\libgcc.a
LOAD C:/ST/STM32CubeIDE_1.14.0/STM32CubeIDE/plugins/com.st.stm32cube.ide.mcu.externaltools.gnu-tools-for-stm32.11.3.rel1.win32_1.1.100.202309141235/tools/bin/../lib/gcc/arm-none-eabi/11.3.1/../../../../arm-none-eabi/lib/thumb/v7-m/nofp\libc_nano.a
LOAD C:/ST/STM32CubeIDE_1.14.0/STM32CubeIDE/plugins/com.st.stm32cube.ide.mcu.externaltools.gnu-tools-for-stm32.11.3.rel1.win32_1.1.100.202309141235/tools/bin/../lib/gcc/arm-none-eabi/11.3.1/../../../../arm-none-eabi/lib/thumb/v7-m/nofp\libnosys.a
END GROUP
LOAD C:/ST/STM32CubeIDE_1.14.0/STM32CubeIDE/plugins/com.st.stm32cube.ide.mcu.externaltools.gnu-tools-for-stm32.11.3.rel1.win32_1.1.100.202309141235/tools/bin/../lib/gcc/arm-none-eabi/11.3.1/thumb/v7-m/nofp/crtend.o
LOAD C:/ST/STM32CubeIDE_1.14.0/STM32CubeIDE/plugins/com.st.stm32cube.ide.mcu.externaltools.gnu-tools-for-stm32.11.3.rel1.win32_1.1.100.202309141235/tools/bin/../lib/gcc/arm-none-eabi/11.3.1/thumb/v7-m/nofp/crtn.o
                0x0000000020005000                _estack = (ORIGIN (RAM) + LENGTH (RAM))
                0x0000000000000200                _Min_Heap_Size = 0x200
                0x0000000000000400                _Min_Stack_Size = 0x400

.isr_vector     0x0000000008000000      0x130
                0x0000000008000000                . = ALIGN (0x4)
 *(.isr_vector)
 .isr_vector    0x0000000008000000      0x130 ./Startup/startup_stm32f103c8tx.o
                0x0000000008000000                g_pfnVectors
                0x0000000008000130                . = ALIGN (0x4)

.text           0x0000000008000130     0x1750
                0x0000000008000130                . = ALIGN (0x4)
 *(.text)
 .text          0x0000000008000130       0x40 C:/ST/STM32CubeIDE_1.14.0/STM32CubeIDE/plugins/com.st.stm32cube.ide.mcu.externaltools.gnu-tools-for-stm32.11.3.rel1.win32_1.1.100.202309141235/tools/bin/../lib/gcc/arm-none-eabi/11.3.1/thumb/v7-m/nofp/crtbegin.o
 .text          0x0000000008000170       0x30 C:/ST/STM32CubeIDE_1.14.0/STM32CubeIDE/plugins/com.st.stm32cube.ide.mcu.externaltools.gnu-tools-for-stm32.11.3.rel1.win32_1.1.100.202309141235/tools/bin/../lib/gcc/arm-none-eabi/11.3.1/thumb/v7-m/nofp\libgcc.a(_aeabi_uldivmod.o)
                0x0000000008000170                __aeabi_uldivmod
 .text          0x00000000080001a0      0x2cc C:/ST/STM32CubeIDE_1.14.0/STM32CubeIDE/plugins/com.st.stm32cube.ide.mcu.externaltools.gnu-tools-for-stm32.11.3.rel1.win32_1.1.100.202309141235/tools/bin/../lib/gcc/arm-none-eabi/11.3.1/thumb/v7-m/nofp\libgcc.a(_udivmoddi4.o)
                0x00000000080001a0                __udivmoddi4
 .text          0x000000000800046c        0x4 C:/ST/STM32CubeIDE_1.14.0/STM32CubeIDE/plugins/com.st.stm32cube.ide.mcu.externaltools.gnu-tools-for-stm32.11.3.rel1.win32_1.1.100.202309141235/tools/bin/../lib/gcc/arm-none-eabi/11.3.1/thumb/v7-m/nofp\libgcc.a(_dvmd_tls.o)
                0x000000000800046c                __aeabi_idiv0
                0x000000000800046c                __aeabi_ldiv0
 *(.text*)
 .text.SERVO_Init
                0x0000000008000470       0x36 ./Src/HAL/Servo_Program.o
                0x0000000008000470                SERVO_Init
 *fill*         0x00000000080004a6        0x2 
 .text.Servo_setAngle
                0x00000000080004a8       0x44 ./Src/HAL/Servo_Program.o
                0x00000000080004a8                Servo_setAngle
 .text.DMA_voidChannelInit
                0x00000000080004ec      0x408 ./Src/MCAL/DMA_program.o
                0x00000000080004ec                DMA_voidChannelInit
 .text.DMA_void_DMA_Enable
                0x00000000080008f4       0x68 ./Src/MCAL/DMA_program.o
                0x00000000080008f4                DMA_void_DMA_Enable
 .text.DMA_void_DMA_Disable
                0x000000000800095c       0x60 ./Src/MCAL/DMA_program.o
                0x000000000800095c                DMA_void_DMA_Disable
 .text.DMA_ChannelTransfer
                0x00000000080009bc       0xb8 ./Src/MCAL/DMA_program.o
                0x00000000080009bc                DMA_ChannelTransfer
 .text.DMA_SetCallBack
                0x0000000008000a74       0x24 ./Src/MCAL/DMA_program.o
                0x0000000008000a74                DMA_SetCallBack
 .text.DMA_voidClearFlag
                0x0000000008000a98       0x3c ./Src/MCAL/DMA_program.o
 .text.DMA1_Channel1_IRQHandler
                0x0000000008000ad4       0x1c ./Src/MCAL/DMA_program.o
                0x0000000008000ad4                DMA1_Channel1_IRQHandler
 .text.DMA1_Channel2_IRQHandler
                0x0000000008000af0       0x1c ./Src/MCAL/DMA_program.o
                0x0000000008000af0                DMA1_Channel2_IRQHandler
 .text.DMA1_Channel3_IRQHandler
                0x0000000008000b0c       0x1c ./Src/MCAL/DMA_program.o
                0x0000000008000b0c                DMA1_Channel3_IRQHandler
 .text.DMA1_Channel4_IRQHandler
                0x0000000008000b28       0x1c ./Src/MCAL/DMA_program.o
                0x0000000008000b28                DMA1_Channel4_IRQHandler
 .text.DMA1_Channel5_IRQHandler
                0x0000000008000b44       0x1c ./Src/MCAL/DMA_program.o
                0x0000000008000b44                DMA1_Channel5_IRQHandler
 .text.DMA1_Channel6_IRQHandler
                0x0000000008000b60       0x1c ./Src/MCAL/DMA_program.o
                0x0000000008000b60                DMA1_Channel6_IRQHandler
 .text.DMA1_Channel7_IRQHandler
                0x0000000008000b7c       0x1c ./Src/MCAL/DMA_program.o
                0x0000000008000b7c                DMA1_Channel7_IRQHandler
 .text.EXTI0_IRQHandler
                0x0000000008000b98       0x24 ./Src/MCAL/EXTI_program.o
                0x0000000008000b98                EXTI0_IRQHandler
 .text.EXTI1_IRQHandler
                0x0000000008000bbc       0x24 ./Src/MCAL/EXTI_program.o
                0x0000000008000bbc                EXTI1_IRQHandler
 .text.EXTI2_IRQHandler
                0x0000000008000be0       0x24 ./Src/MCAL/EXTI_program.o
                0x0000000008000be0                EXTI2_IRQHandler
 .text.EXTI3_IRQHandler
                0x0000000008000c04       0x24 ./Src/MCAL/EXTI_program.o
                0x0000000008000c04                EXTI3_IRQHandler
 .text.EXTI4_IRQHandler
                0x0000000008000c28       0x24 ./Src/MCAL/EXTI_program.o
                0x0000000008000c28                EXTI4_IRQHandler
 .text.EXTI9_5_IRQHandler
                0x0000000008000c4c       0x70 ./Src/MCAL/EXTI_program.o
                0x0000000008000c4c                EXTI9_5_IRQHandler
 .text.EXTI15_10_IRQHandler
                0x0000000008000cbc       0x68 ./Src/MCAL/EXTI_program.o
                0x0000000008000cbc                EXTI15_10_IRQHandler
 .text.GPIO_PORT_voidInit
                0x0000000008000d24       0x90 ./Src/MCAL/GPIO_program.o
                0x0000000008000d24                GPIO_PORT_voidInit
 .text.GPIO_SetPinMode
                0x0000000008000db4      0x198 ./Src/MCAL/GPIO_program.o
                0x0000000008000db4                GPIO_SetPinMode
 .text.GPIO_WritePinValue
                0x0000000008000f4c       0x64 ./Src/MCAL/GPIO_program.o
                0x0000000008000f4c                GPIO_WritePinValue
 .text.NVIC_Init
                0x0000000008000fb0       0x1c ./Src/MCAL/NVIC_program.o
                0x0000000008000fb0                NVIC_Init
 .text.NVIC_EnableInterrupt
                0x0000000008000fcc       0x3c ./Src/MCAL/NVIC_program.o
                0x0000000008000fcc                NVIC_EnableInterrupt
 .text.RCC_InitSysClk
                0x0000000008001008       0x80 ./Src/MCAL/RCC_program.o
                0x0000000008001008                RCC_InitSysClk
 .text.RCC_PeripheralClk
                0x0000000008001088       0xe4 ./Src/MCAL/RCC_program.o
                0x0000000008001088                RCC_PeripheralClk
 .text.SysTick_Handler
                0x000000000800116c       0x5c ./Src/MCAL/SYSTICK_program.o
                0x000000000800116c                SysTick_Handler
 .text.TIMER1_Init
                0x00000000080011c8       0x48 ./Src/MCAL/TIMER1_program.o
                0x00000000080011c8                TIMER1_Init
 .text.TIMER1_InitPwmChannel
                0x0000000008001210      0x13c ./Src/MCAL/TIMER1_program.o
                0x0000000008001210                TIMER1_InitPwmChannel
 .text.TIMER1_SetFREQ
                0x000000000800134c       0x80 ./Src/MCAL/TIMER1_program.o
                0x000000000800134c                TIMER1_SetFREQ
 .text.TIMER1_SetARRValue
                0x00000000080013cc       0x20 ./Src/MCAL/TIMER1_program.o
                0x00000000080013cc                TIMER1_SetARRValue
 .text.TIMER1_Set_CRR_Value
                0x00000000080013ec       0x4c ./Src/MCAL/TIMER1_program.o
                0x00000000080013ec                TIMER1_Set_CRR_Value
 .text.TIM1_UP_IRQHandler
                0x0000000008001438       0x2c ./Src/MCAL/TIMER1_program.o
                0x0000000008001438                TIM1_UP_IRQHandler
 .text.UART_Init
                0x0000000008001464       0x5c ./Src/MCAL/UART_Program.o
                0x0000000008001464                UART_Init
 .text.USART1_IRQHandler
                0x00000000080014c0       0x2c ./Src/MCAL/UART_Program.o
                0x00000000080014c0                USART1_IRQHandler
 .text.USART2_IRQHandler
                0x00000000080014ec       0x2c ./Src/MCAL/UART_Program.o
                0x00000000080014ec                USART2_IRQHandler
 .text.USART3_IRQHandler
                0x0000000008001518       0x2c ./Src/MCAL/UART_Program.o
                0x0000000008001518                USART3_IRQHandler
 .text._delay_ms
                0x0000000008001544       0x52 ./Src/ellithy_dalay.o
                0x0000000008001544                _delay_ms
 *fill*         0x0000000008001596        0x2 
 .text.main     0x0000000008001598       0xb8 ./Src/main.o
                0x0000000008001598                main
 .text.solveCMD
                0x0000000008001650       0x68 ./Src/main.o
                0x0000000008001650                solveCMD
 .text.moveUp   0x00000000080016b8       0x18 ./Src/main.o
                0x00000000080016b8                moveUp
 .text.moveDown
                0x00000000080016d0       0x18 ./Src/main.o
                0x00000000080016d0                moveDown
 .text.grab     0x00000000080016e8       0x10 ./Src/main.o
                0x00000000080016e8                grab
 .text.release  0x00000000080016f8       0x10 ./Src/main.o
                0x00000000080016f8                release
 .text.rotateLeft
                0x0000000008001708       0x10 ./Src/main.o
                0x0000000008001708                rotateLeft
 .text.rotateRight
                0x0000000008001718       0x10 ./Src/main.o
                0x0000000008001718                rotateRight
 .text.returnToInitialState
                0x0000000008001728       0x28 ./Src/main.o
                0x0000000008001728                returnToInitialState
 .text.setAngle
                0x0000000008001750       0x7c ./Src/main.o
                0x0000000008001750                setAngle
 .text.Reset_Handler
                0x00000000080017cc       0x50 ./Startup/startup_stm32f103c8tx.o
                0x00000000080017cc                Reset_Handler
 .text.Default_Handler
                0x000000000800181c        0x2 ./Startup/startup_stm32f103c8tx.o
                0x000000000800181c                TIM8_TRG_COM_IRQHandler
                0x000000000800181c                TIM8_CC_IRQHandler
                0x000000000800181c                DebugMon_Handler
                0x000000000800181c                TIM1_CC_IRQHandler
                0x000000000800181c                HardFault_Handler
                0x000000000800181c                TIM6_IRQHandler
                0x000000000800181c                PVD_IRQHandler
                0x000000000800181c                SDIO_IRQHandler
                0x000000000800181c                PendSV_Handler
                0x000000000800181c                NMI_Handler
                0x000000000800181c                USB_HP_CAN_TX_IRQHandler
                0x000000000800181c                I2C2_EV_IRQHandler
                0x000000000800181c                UsageFault_Handler
                0x000000000800181c                ADC1_2_IRQHandler
                0x000000000800181c                SPI1_IRQHandler
                0x000000000800181c                CAN_SCE_IRQHandler
                0x000000000800181c                TAMPER_IRQHandler
                0x000000000800181c                TIM8_UP_IRQHandler
                0x000000000800181c                DMA2_Channel2_IRQHandler
                0x000000000800181c                RTC_IRQHandler
                0x000000000800181c                UART5_IRQHandler
                0x000000000800181c                ADC3_IRQHandler
                0x000000000800181c                TIM4_IRQHandler
                0x000000000800181c                CAN_RX1_IRQHandler
                0x000000000800181c                DMA2_Channel1_IRQHandler
                0x000000000800181c                I2C1_EV_IRQHandler
                0x000000000800181c                UART4_IRQHandler
                0x000000000800181c                TIM3_IRQHandler
                0x000000000800181c                RCC_IRQHandler
                0x000000000800181c                TIM1_TRG_COM_IRQHandler
                0x000000000800181c                Default_Handler
                0x000000000800181c                TIM7_IRQHandler
                0x000000000800181c                TIM5_IRQHandler
                0x000000000800181c                SPI2_IRQHandler
                0x000000000800181c                USB_LP_CAN_RX0_IRQHandler
                0x000000000800181c                MemManage_Handler
                0x000000000800181c                SVC_Handler
                0x000000000800181c                FSMC_IRQHandler
                0x000000000800181c                WWDG_IRQHandler
                0x000000000800181c                TIM2_IRQHandler
                0x000000000800181c                TIM1_BRK_IRQHandler
                0x000000000800181c                RTCAlarm_IRQHandler
                0x000000000800181c                DMA2_Channel4_5_IRQHandler
                0x000000000800181c                I2C2_ER_IRQHandler
                0x000000000800181c                TIM8_BRK_IRQHandler
                0x000000000800181c                FLASH_IRQHandler
                0x000000000800181c                BusFault_Handler
                0x000000000800181c                SPI3_IRQHandler
                0x000000000800181c                I2C1_ER_IRQHandler
                0x000000000800181c                DMA2_Channel3_IRQHandler
 *fill*         0x000000000800181e        0x2 
 .text.__libc_init_array
                0x0000000008001820       0x48 C:/ST/STM32CubeIDE_1.14.0/STM32CubeIDE/plugins/com.st.stm32cube.ide.mcu.externaltools.gnu-tools-for-stm32.11.3.rel1.win32_1.1.100.202309141235/tools/bin/../lib/gcc/arm-none-eabi/11.3.1/../../../../arm-none-eabi/lib/thumb/v7-m/nofp\libc_nano.a(libc_a-init.o)
                0x0000000008001820                __libc_init_array
 *(.glue_7)
 .glue_7        0x0000000008001868        0x0 linker stubs
 *(.glue_7t)
 .glue_7t       0x0000000008001868        0x0 linker stubs
 *(.eh_frame)
 .eh_frame      0x0000000008001868        0x0 C:/ST/STM32CubeIDE_1.14.0/STM32CubeIDE/plugins/com.st.stm32cube.ide.mcu.externaltools.gnu-tools-for-stm32.11.3.rel1.win32_1.1.100.202309141235/tools/bin/../lib/gcc/arm-none-eabi/11.3.1/thumb/v7-m/nofp/crtbegin.o
 *(.init)
 .init          0x0000000008001868        0x4 C:/ST/STM32CubeIDE_1.14.0/STM32CubeIDE/plugins/com.st.stm32cube.ide.mcu.externaltools.gnu-tools-for-stm32.11.3.rel1.win32_1.1.100.202309141235/tools/bin/../lib/gcc/arm-none-eabi/11.3.1/thumb/v7-m/nofp/crti.o
                0x0000000008001868                _init
 .init          0x000000000800186c        0x8 C:/ST/STM32CubeIDE_1.14.0/STM32CubeIDE/plugins/com.st.stm32cube.ide.mcu.externaltools.gnu-tools-for-stm32.11.3.rel1.win32_1.1.100.202309141235/tools/bin/../lib/gcc/arm-none-eabi/11.3.1/thumb/v7-m/nofp/crtn.o
 *(.fini)
 .fini          0x0000000008001874        0x4 C:/ST/STM32CubeIDE_1.14.0/STM32CubeIDE/plugins/com.st.stm32cube.ide.mcu.externaltools.gnu-tools-for-stm32.11.3.rel1.win32_1.1.100.202309141235/tools/bin/../lib/gcc/arm-none-eabi/11.3.1/thumb/v7-m/nofp/crti.o
                0x0000000008001874                _fini
 .fini          0x0000000008001878        0x8 C:/ST/STM32CubeIDE_1.14.0/STM32CubeIDE/plugins/com.st.stm32cube.ide.mcu.externaltools.gnu-tools-for-stm32.11.3.rel1.win32_1.1.100.202309141235/tools/bin/../lib/gcc/arm-none-eabi/11.3.1/thumb/v7-m/nofp/crtn.o
                0x0000000008001880                . = ALIGN (0x4)
                0x0000000008001880                _etext = .

.vfp11_veneer   0x0000000008001880        0x0
 .vfp11_veneer  0x0000000008001880        0x0 linker stubs

.v4_bx          0x0000000008001880        0x0
 .v4_bx         0x0000000008001880        0x0 linker stubs

.iplt           0x0000000008001880        0x0
 .iplt          0x0000000008001880        0x0 C:/ST/STM32CubeIDE_1.14.0/STM32CubeIDE/plugins/com.st.stm32cube.ide.mcu.externaltools.gnu-tools-for-stm32.11.3.rel1.win32_1.1.100.202309141235/tools/bin/../lib/gcc/arm-none-eabi/11.3.1/thumb/v7-m/nofp/crtbegin.o

.rodata         0x0000000008001880        0x0
                0x0000000008001880                . = ALIGN (0x4)
 *(.rodata)
 *(.rodata*)
                0x0000000008001880                . = ALIGN (0x4)

.ARM.extab      0x0000000008001880        0x0
                0x0000000008001880                . = ALIGN (0x4)
 *(.ARM.extab* .gnu.linkonce.armextab.*)
                0x0000000008001880                . = ALIGN (0x4)

.ARM            0x0000000008001880        0x8
                0x0000000008001880                . = ALIGN (0x4)
                0x0000000008001880                __exidx_start = .
 *(.ARM.exidx*)
 .ARM.exidx     0x0000000008001880        0x8 C:/ST/STM32CubeIDE_1.14.0/STM32CubeIDE/plugins/com.st.stm32cube.ide.mcu.externaltools.gnu-tools-for-stm32.11.3.rel1.win32_1.1.100.202309141235/tools/bin/../lib/gcc/arm-none-eabi/11.3.1/thumb/v7-m/nofp\libgcc.a(_udivmoddi4.o)
                0x0000000008001888                __exidx_end = .
                0x0000000008001888                . = ALIGN (0x4)

.rel.dyn        0x0000000008001888        0x0
 .rel.iplt      0x0000000008001888        0x0 C:/ST/STM32CubeIDE_1.14.0/STM32CubeIDE/plugins/com.st.stm32cube.ide.mcu.externaltools.gnu-tools-for-stm32.11.3.rel1.win32_1.1.100.202309141235/tools/bin/../lib/gcc/arm-none-eabi/11.3.1/thumb/v7-m/nofp/crtbegin.o

.preinit_array  0x0000000008001888        0x0
                0x0000000008001888                . = ALIGN (0x4)
                0x0000000008001888                PROVIDE (__preinit_array_start = .)
 *(.preinit_array*)
                0x0000000008001888                PROVIDE (__preinit_array_end = .)
                0x0000000008001888                . = ALIGN (0x4)

.init_array     0x0000000008001888        0x4
                0x0000000008001888                . = ALIGN (0x4)
                0x0000000008001888                PROVIDE (__init_array_start = .)
 *(SORT_BY_NAME(.init_array.*))
 *(.init_array*)
 .init_array    0x0000000008001888        0x4 C:/ST/STM32CubeIDE_1.14.0/STM32CubeIDE/plugins/com.st.stm32cube.ide.mcu.externaltools.gnu-tools-for-stm32.11.3.rel1.win32_1.1.100.202309141235/tools/bin/../lib/gcc/arm-none-eabi/11.3.1/thumb/v7-m/nofp/crtbegin.o
                0x000000000800188c                PROVIDE (__init_array_end = .)
                0x000000000800188c                . = ALIGN (0x4)

.fini_array     0x000000000800188c        0x4
                0x000000000800188c                . = ALIGN (0x4)
                [!provide]                        PROVIDE (__fini_array_start = .)
 *(SORT_BY_NAME(.fini_array.*))
 *(.fini_array*)
 .fini_array    0x000000000800188c        0x4 C:/ST/STM32CubeIDE_1.14.0/STM32CubeIDE/plugins/com.st.stm32cube.ide.mcu.externaltools.gnu-tools-for-stm32.11.3.rel1.win32_1.1.100.202309141235/tools/bin/../lib/gcc/arm-none-eabi/11.3.1/thumb/v7-m/nofp/crtbegin.o
                [!provide]                        PROVIDE (__fini_array_end = .)
                0x0000000008001890                . = ALIGN (0x4)
                0x0000000008001890                _sidata = LOADADDR (.data)

.data           0x0000000020000000       0x54 load address 0x0000000008001890
                0x0000000020000000                . = ALIGN (0x4)
                0x0000000020000000                _sdata = .
 *(.data)
 *(.data*)
 .data.DMA_COMMUNACTION_PER_ADD
                0x0000000020000000       0x28 ./Src/MCAL/DMA_program.o
 .data.PORTA_DIR
                0x0000000020000028       0x10 ./Src/MCAL/GPIO_program.o
                0x0000000020000028                PORTA_DIR
 .data.PORTA_init_val
                0x0000000020000038       0x10 ./Src/MCAL/GPIO_program.o
                0x0000000020000038                PORTA_init_val
 .data.GPIO_Astr
                0x0000000020000048        0xc ./Src/MCAL/GPIO_program.o
 *(.RamFunc)
 *(.RamFunc*)
                0x0000000020000054                . = ALIGN (0x4)
                0x0000000020000054                _edata = .

.igot.plt       0x0000000020000054        0x0 load address 0x00000000080018e4
 .igot.plt      0x0000000020000054        0x0 C:/ST/STM32CubeIDE_1.14.0/STM32CubeIDE/plugins/com.st.stm32cube.ide.mcu.externaltools.gnu-tools-for-stm32.11.3.rel1.win32_1.1.100.202309141235/tools/bin/../lib/gcc/arm-none-eabi/11.3.1/thumb/v7-m/nofp/crtbegin.o
                0x0000000020000054                . = ALIGN (0x4)

.bss            0x0000000020000054       0x98 load address 0x00000000080018e4
                0x0000000020000054                _sbss = .
                0x0000000020000054                __bss_start__ = _sbss
 *(.bss)
 .bss           0x0000000020000054       0x1c C:/ST/STM32CubeIDE_1.14.0/STM32CubeIDE/plugins/com.st.stm32cube.ide.mcu.externaltools.gnu-tools-for-stm32.11.3.rel1.win32_1.1.100.202309141235/tools/bin/../lib/gcc/arm-none-eabi/11.3.1/thumb/v7-m/nofp/crtbegin.o
 *(.bss*)
 .bss.Setcallbaks_Ptr
                0x0000000020000070       0x1c ./Src/MCAL/DMA_program.o
 .bss.EXTI_CallBacks
                0x000000002000008c       0x40 ./Src/MCAL/EXTI_program.o
 .bss.SysTK_ModeOfInterval
                0x00000000200000cc        0x1 ./Src/MCAL/SYSTICK_program.o
 *fill*         0x00000000200000cd        0x3 
 .bss.SysTK_ptr_f
                0x00000000200000d0        0x4 ./Src/MCAL/SYSTICK_program.o
 .bss.TIMER1_callback
                0x00000000200000d4        0x4 ./Src/MCAL/TIMER1_program.o
 .bss.UART_SetCallbacks
                0x00000000200000d8        0xc ./Src/MCAL/UART_Program.o
 .bss.EEG_CMD   0x00000000200000e4        0x1 ./Src/main.o
                0x00000000200000e4                EEG_CMD
 *fill*         0x00000000200000e5        0x3 
 .bss.arrServoLastValue
                0x00000000200000e8        0x4 ./Src/main.o
                0x00000000200000e8                arrServoLastValue
 *(COMMON)
                0x00000000200000ec                . = ALIGN (0x4)
                0x00000000200000ec                _ebss = .
                0x00000000200000ec                __bss_end__ = _ebss

._user_heap_stack
                0x00000000200000ec      0x604 load address 0x00000000080018e4
                0x00000000200000f0                . = ALIGN (0x8)
 *fill*         0x00000000200000ec        0x4 
                [!provide]                        PROVIDE (end = .)
                0x00000000200000f0                PROVIDE (_end = .)
                0x00000000200002f0                . = (. + _Min_Heap_Size)
 *fill*         0x00000000200000f0      0x200 
                0x00000000200006f0                . = (. + _Min_Stack_Size)
 *fill*         0x00000000200002f0      0x400 
                0x00000000200006f0                . = ALIGN (0x8)

/DISCARD/
 libc.a(*)
 libm.a(*)
 libgcc.a(*)

.ARM.attributes
                0x0000000000000000       0x29
 *(.ARM.attributes)
 .ARM.attributes
                0x0000000000000000       0x1d C:/ST/STM32CubeIDE_1.14.0/STM32CubeIDE/plugins/com.st.stm32cube.ide.mcu.externaltools.gnu-tools-for-stm32.11.3.rel1.win32_1.1.100.202309141235/tools/bin/../lib/gcc/arm-none-eabi/11.3.1/thumb/v7-m/nofp/crti.o
 .ARM.attributes
                0x000000000000001d       0x2d C:/ST/STM32CubeIDE_1.14.0/STM32CubeIDE/plugins/com.st.stm32cube.ide.mcu.externaltools.gnu-tools-for-stm32.11.3.rel1.win32_1.1.100.202309141235/tools/bin/../lib/gcc/arm-none-eabi/11.3.1/thumb/v7-m/nofp/crtbegin.o
 .ARM.attributes
                0x000000000000004a       0x2d ./Src/HAL/Servo_Program.o
 .ARM.attributes
                0x0000000000000077       0x2d ./Src/MCAL/DMA_program.o
 .ARM.attributes
                0x00000000000000a4       0x2d ./Src/MCAL/EXTI_program.o
 .ARM.attributes
                0x00000000000000d1       0x2d ./Src/MCAL/GPIO_program.o
 .ARM.attributes
                0x00000000000000fe       0x2d ./Src/MCAL/NVIC_program.o
 .ARM.attributes
                0x000000000000012b       0x2d ./Src/MCAL/RCC_program.o
 .ARM.attributes
                0x0000000000000158       0x2d ./Src/MCAL/SYSTICK_program.o
 .ARM.attributes
                0x0000000000000185       0x2d ./Src/MCAL/TIMER1_program.o
 .ARM.attributes
                0x00000000000001b2       0x2d ./Src/MCAL/UART_Program.o
 .ARM.attributes
                0x00000000000001df       0x2d ./Src/ellithy_dalay.o
 .ARM.attributes
                0x000000000000020c       0x2d ./Src/main.o
 .ARM.attributes
                0x0000000000000239       0x21 ./Startup/startup_stm32f103c8tx.o
 .ARM.attributes
                0x000000000000025a       0x2d C:/ST/STM32CubeIDE_1.14.0/STM32CubeIDE/plugins/com.st.stm32cube.ide.mcu.externaltools.gnu-tools-for-stm32.11.3.rel1.win32_1.1.100.202309141235/tools/bin/../lib/gcc/arm-none-eabi/11.3.1/../../../../arm-none-eabi/lib/thumb/v7-m/nofp\libc_nano.a(libc_a-init.o)
 .ARM.attributes
                0x0000000000000287       0x1d C:/ST/STM32CubeIDE_1.14.0/STM32CubeIDE/plugins/com.st.stm32cube.ide.mcu.externaltools.gnu-tools-for-stm32.11.3.rel1.win32_1.1.100.202309141235/tools/bin/../lib/gcc/arm-none-eabi/11.3.1/thumb/v7-m/nofp\libgcc.a(_aeabi_uldivmod.o)
 .ARM.attributes
                0x00000000000002a4       0x2d C:/ST/STM32CubeIDE_1.14.0/STM32CubeIDE/plugins/com.st.stm32cube.ide.mcu.externaltools.gnu-tools-for-stm32.11.3.rel1.win32_1.1.100.202309141235/tools/bin/../lib/gcc/arm-none-eabi/11.3.1/thumb/v7-m/nofp\libgcc.a(_udivmoddi4.o)
 .ARM.attributes
                0x00000000000002d1       0x1d C:/ST/STM32CubeIDE_1.14.0/STM32CubeIDE/plugins/com.st.stm32cube.ide.mcu.externaltools.gnu-tools-for-stm32.11.3.rel1.win32_1.1.100.202309141235/tools/bin/../lib/gcc/arm-none-eabi/11.3.1/thumb/v7-m/nofp\libgcc.a(_dvmd_tls.o)
 .ARM.attributes
                0x00000000000002ee       0x1d C:/ST/STM32CubeIDE_1.14.0/STM32CubeIDE/plugins/com.st.stm32cube.ide.mcu.externaltools.gnu-tools-for-stm32.11.3.rel1.win32_1.1.100.202309141235/tools/bin/../lib/gcc/arm-none-eabi/11.3.1/thumb/v7-m/nofp/crtn.o
OUTPUT(GP-EEG-Controlled-Robotic-Arm.elf elf32-littlearm)
LOAD linker stubs
LOAD C:/ST/STM32CubeIDE_1.14.0/STM32CubeIDE/plugins/com.st.stm32cube.ide.mcu.externaltools.gnu-tools-for-stm32.11.3.rel1.win32_1.1.100.202309141235/tools/bin/../lib/gcc/arm-none-eabi/11.3.1/../../../../arm-none-eabi/lib/thumb/v7-m/nofp\libc.a
LOAD C:/ST/STM32CubeIDE_1.14.0/STM32CubeIDE/plugins/com.st.stm32cube.ide.mcu.externaltools.gnu-tools-for-stm32.11.3.rel1.win32_1.1.100.202309141235/tools/bin/../lib/gcc/arm-none-eabi/11.3.1/../../../../arm-none-eabi/lib/thumb/v7-m/nofp\libm.a
LOAD C:/ST/STM32CubeIDE_1.14.0/STM32CubeIDE/plugins/com.st.stm32cube.ide.mcu.externaltools.gnu-tools-for-stm32.11.3.rel1.win32_1.1.100.202309141235/tools/bin/../lib/gcc/arm-none-eabi/11.3.1/thumb/v7-m/nofp\libgcc.a

.comment        0x0000000000000000       0x43
 .comment       0x0000000000000000       0x43 C:/ST/STM32CubeIDE_1.14.0/STM32CubeIDE/plugins/com.st.stm32cube.ide.mcu.externaltools.gnu-tools-for-stm32.11.3.rel1.win32_1.1.100.202309141235/tools/bin/../lib/gcc/arm-none-eabi/11.3.1/thumb/v7-m/nofp/crtbegin.o
                                         0x44 (size before relaxing)
 .comment       0x0000000000000043       0x44 ./Src/HAL/Servo_Program.o
 .comment       0x0000000000000043       0x44 ./Src/MCAL/DMA_program.o
 .comment       0x0000000000000043       0x44 ./Src/MCAL/EXTI_program.o
 .comment       0x0000000000000043       0x44 ./Src/MCAL/GPIO_program.o
 .comment       0x0000000000000043       0x44 ./Src/MCAL/NVIC_program.o
 .comment       0x0000000000000043       0x44 ./Src/MCAL/RCC_program.o
 .comment       0x0000000000000043       0x44 ./Src/MCAL/SYSTICK_program.o
 .comment       0x0000000000000043       0x44 ./Src/MCAL/TIMER1_program.o
 .comment       0x0000000000000043       0x44 ./Src/MCAL/UART_Program.o
 .comment       0x0000000000000043       0x44 ./Src/ellithy_dalay.o
 .comment       0x0000000000000043       0x44 ./Src/main.o

.debug_info     0x0000000000000000     0x26c6
 .debug_info    0x0000000000000000      0x1a4 ./Src/HAL/Servo_Program.o
 .debug_info    0x00000000000001a4      0x5f6 ./Src/MCAL/DMA_program.o
 .debug_info    0x000000000000079a      0x2e3 ./Src/MCAL/EXTI_program.o
 .debug_info    0x0000000000000a7d      0x3d5 ./Src/MCAL/GPIO_program.o
 .debug_info    0x0000000000000e52      0x32c ./Src/MCAL/NVIC_program.o
 .debug_info    0x000000000000117e      0x28a ./Src/MCAL/RCC_program.o
 .debug_info    0x0000000000001408      0x252 ./Src/MCAL/SYSTICK_program.o
 .debug_info    0x000000000000165a      0x36b ./Src/MCAL/TIMER1_program.o
 .debug_info    0x00000000000019c5      0x42b ./Src/MCAL/UART_Program.o
 .debug_info    0x0000000000001df0      0x100 ./Src/ellithy_dalay.o
 .debug_info    0x0000000000001ef0      0x7b3 ./Src/main.o
 .debug_info    0x00000000000026a3       0x23 ./Startup/startup_stm32f103c8tx.o

.debug_abbrev   0x0000000000000000      0xd88
 .debug_abbrev  0x0000000000000000       0xd8 ./Src/HAL/Servo_Program.o
 .debug_abbrev  0x00000000000000d8      0x1ad ./Src/MCAL/DMA_program.o
 .debug_abbrev  0x0000000000000285      0x16c ./Src/MCAL/EXTI_program.o
 .debug_abbrev  0x00000000000003f1      0x158 ./Src/MCAL/GPIO_program.o
 .debug_abbrev  0x0000000000000549       0xca ./Src/MCAL/NVIC_program.o
 .debug_abbrev  0x0000000000000613       0xe2 ./Src/MCAL/RCC_program.o
 .debug_abbrev  0x00000000000006f5      0x135 ./Src/MCAL/SYSTICK_program.o
 .debug_abbrev  0x000000000000082a      0x1a8 ./Src/MCAL/TIMER1_program.o
 .debug_abbrev  0x00000000000009d2      0x175 ./Src/MCAL/UART_Program.o
 .debug_abbrev  0x0000000000000b47       0x9a ./Src/ellithy_dalay.o
 .debug_abbrev  0x0000000000000be1      0x195 ./Src/main.o
 .debug_abbrev  0x0000000000000d76       0x12 ./Startup/startup_stm32f103c8tx.o

.debug_aranges  0x0000000000000000      0x3c8
 .debug_aranges
                0x0000000000000000       0x28 ./Src/HAL/Servo_Program.o
 .debug_aranges
                0x0000000000000028       0x88 ./Src/MCAL/DMA_program.o
 .debug_aranges
                0x00000000000000b0       0x68 ./Src/MCAL/EXTI_program.o
 .debug_aranges
                0x0000000000000118       0x60 ./Src/MCAL/GPIO_program.o
 .debug_aranges
                0x0000000000000178       0x50 ./Src/MCAL/NVIC_program.o
 .debug_aranges
                0x00000000000001c8       0x28 ./Src/MCAL/RCC_program.o
 .debug_aranges
                0x00000000000001f0       0x58 ./Src/MCAL/SYSTICK_program.o
 .debug_aranges
                0x0000000000000248       0x58 ./Src/MCAL/TIMER1_program.o
 .debug_aranges
                0x00000000000002a0       0x70 ./Src/MCAL/UART_Program.o
 .debug_aranges
                0x0000000000000310       0x28 ./Src/ellithy_dalay.o
 .debug_aranges
                0x0000000000000338       0x68 ./Src/main.o
 .debug_aranges
                0x00000000000003a0       0x28 ./Startup/startup_stm32f103c8tx.o

.debug_rnglists
                0x0000000000000000      0x2b6
 .debug_rnglists
                0x0000000000000000       0x19 ./Src/HAL/Servo_Program.o
 .debug_rnglists
                0x0000000000000019       0x63 ./Src/MCAL/DMA_program.o
 .debug_rnglists
                0x000000000000007c       0x4a ./Src/MCAL/EXTI_program.o
 .debug_rnglists
                0x00000000000000c6       0x55 ./Src/MCAL/GPIO_program.o
 .debug_rnglists
                0x000000000000011b       0x37 ./Src/MCAL/NVIC_program.o
 .debug_rnglists
                0x0000000000000152       0x1b ./Src/MCAL/RCC_program.o
 .debug_rnglists
                0x000000000000016d       0x3d ./Src/MCAL/SYSTICK_program.o
 .debug_rnglists
                0x00000000000001aa       0x40 ./Src/MCAL/TIMER1_program.o
 .debug_rnglists
                0x00000000000001ea       0x50 ./Src/MCAL/UART_Program.o
 .debug_rnglists
                0x000000000000023a       0x19 ./Src/ellithy_dalay.o
 .debug_rnglists
                0x0000000000000253       0x4a ./Src/main.o
 .debug_rnglists
                0x000000000000029d       0x19 ./Startup/startup_stm32f103c8tx.o

.debug_macro    0x0000000000000000      0x8dc
 .debug_macro   0x0000000000000000       0x50 ./Src/HAL/Servo_Program.o
 .debug_macro   0x0000000000000050       0x10 ./Src/HAL/Servo_Program.o
 .debug_macro   0x0000000000000060       0x52 ./Src/MCAL/DMA_program.o
 .debug_macro   0x00000000000000b2       0x5e ./Src/MCAL/DMA_program.o
 .debug_macro   0x0000000000000110       0x4a ./Src/MCAL/EXTI_program.o
 .debug_macro   0x000000000000015a       0x58 ./Src/MCAL/GPIO_program.o
 .debug_macro   0x00000000000001b2       0xf4 ./Src/MCAL/GPIO_program.o
 .debug_macro   0x00000000000002a6       0x2e ./Src/MCAL/GPIO_program.o
 .debug_macro   0x00000000000002d4       0x52 ./Src/MCAL/NVIC_program.o
 .debug_macro   0x0000000000000326       0x22 ./Src/MCAL/NVIC_program.o
 .debug_macro   0x0000000000000348       0x2e ./Src/MCAL/NVIC_program.o
 .debug_macro   0x0000000000000376       0x52 ./Src/MCAL/RCC_program.o
 .debug_macro   0x00000000000003c8      0x100 ./Src/MCAL/RCC_program.o
 .debug_macro   0x00000000000004c8       0x34 ./Src/MCAL/RCC_program.o
 .debug_macro   0x00000000000004fc       0x59 ./Src/MCAL/SYSTICK_program.o
 .debug_macro   0x0000000000000555       0x10 ./Src/MCAL/SYSTICK_program.o
 .debug_macro   0x0000000000000565       0x7b ./Src/MCAL/TIMER1_program.o
 .debug_macro   0x00000000000005e0       0xca ./Src/MCAL/TIMER1_program.o
 .debug_macro   0x00000000000006aa       0x53 ./Src/MCAL/UART_Program.o
 .debug_macro   0x00000000000006fd       0x4c ./Src/MCAL/UART_Program.o
 .debug_macro   0x0000000000000749       0x1e ./Src/ellithy_dalay.o
 .debug_macro   0x0000000000000767       0xfb ./Src/main.o
 .debug_macro   0x0000000000000862       0x22 ./Src/main.o
 .debug_macro   0x0000000000000884       0x58 ./Src/main.o

.debug_line     0x0000000000000000     0x1980
 .debug_line    0x0000000000000000      0x12c ./Src/HAL/Servo_Program.o
 .debug_line    0x000000000000012c      0x34e ./Src/MCAL/DMA_program.o
 .debug_line    0x000000000000047a      0x271 ./Src/MCAL/EXTI_program.o
 .debug_line    0x00000000000006eb      0x331 ./Src/MCAL/GPIO_program.o
 .debug_line    0x0000000000000a1c      0x1d4 ./Src/MCAL/NVIC_program.o
 .debug_line    0x0000000000000bf0      0x157 ./Src/MCAL/RCC_program.o
 .debug_line    0x0000000000000d47      0x21f ./Src/MCAL/SYSTICK_program.o
 .debug_line    0x0000000000000f66      0x2c3 ./Src/MCAL/TIMER1_program.o
 .debug_line    0x0000000000001229      0x2c6 ./Src/MCAL/UART_Program.o
 .debug_line    0x00000000000014ef       0xec ./Src/ellithy_dalay.o
 .debug_line    0x00000000000015db      0x32a ./Src/main.o
 .debug_line    0x0000000000001905       0x7b ./Startup/startup_stm32f103c8tx.o

.debug_str      0x0000000000000000     0x6a2e
 .debug_str     0x0000000000000000     0x3259 ./Src/HAL/Servo_Program.o
                                       0x32ef (size before relaxing)
 .debug_str     0x0000000000003259     0x177c ./Src/MCAL/DMA_program.o
                                       0x45e8 (size before relaxing)
 .debug_str     0x00000000000049d5      0x1c8 ./Src/MCAL/EXTI_program.o
                                       0x4103 (size before relaxing)
 .debug_str     0x0000000000004b9d      0x371 ./Src/MCAL/GPIO_program.o
                                       0x4356 (size before relaxing)
 .debug_str     0x0000000000004f0e      0x57b ./Src/MCAL/NVIC_program.o
                                       0x436b (size before relaxing)
 .debug_str     0x0000000000005489      0x7a8 ./Src/MCAL/RCC_program.o
                                       0x459d (size before relaxing)
 .debug_str     0x0000000000005c31      0x20b ./Src/MCAL/SYSTICK_program.o
                                       0x4118 (size before relaxing)
 .debug_str     0x0000000000005e3c      0x4d8 ./Src/MCAL/TIMER1_program.o
                                       0x469d (size before relaxing)
 .debug_str     0x0000000000006314      0x3cb ./Src/MCAL/UART_Program.o
                                       0x434c (size before relaxing)
 .debug_str     0x00000000000066df       0x48 ./Src/ellithy_dalay.o
                                       0x2e9a (size before relaxing)
 .debug_str     0x0000000000006727      0x2d8 ./Src/main.o
                                       0x4d36 (size before relaxing)
 .debug_str     0x00000000000069ff       0x2f ./Startup/startup_stm32f103c8tx.o
                                         0x81 (size before relaxing)

.debug_frame    0x0000000000000000      0xcb8
 .debug_frame   0x0000000000000000       0x58 ./Src/HAL/Servo_Program.o
 .debug_frame   0x0000000000000058      0x1e8 ./Src/MCAL/DMA_program.o
 .debug_frame   0x0000000000000240      0x15c ./Src/MCAL/EXTI_program.o
 .debug_frame   0x000000000000039c      0x174 ./Src/MCAL/GPIO_program.o
 .debug_frame   0x0000000000000510      0x120 ./Src/MCAL/NVIC_program.o
 .debug_frame   0x0000000000000630       0x58 ./Src/MCAL/RCC_program.o
 .debug_frame   0x0000000000000688      0x13c ./Src/MCAL/SYSTICK_program.o
 .debug_frame   0x00000000000007c4      0x148 ./Src/MCAL/TIMER1_program.o
 .debug_frame   0x000000000000090c      0x18c ./Src/MCAL/UART_Program.o
 .debug_frame   0x0000000000000a98       0x60 ./Src/ellithy_dalay.o
 .debug_frame   0x0000000000000af8      0x134 ./Src/main.o
 .debug_frame   0x0000000000000c2c       0x2c C:/ST/STM32CubeIDE_1.14.0/STM32CubeIDE/plugins/com.st.stm32cube.ide.mcu.externaltools.gnu-tools-for-stm32.11.3.rel1.win32_1.1.100.202309141235/tools/bin/../lib/gcc/arm-none-eabi/11.3.1/../../../../arm-none-eabi/lib/thumb/v7-m/nofp\libc_nano.a(libc_a-init.o)
 .debug_frame   0x0000000000000c58       0x2c C:/ST/STM32CubeIDE_1.14.0/STM32CubeIDE/plugins/com.st.stm32cube.ide.mcu.externaltools.gnu-tools-for-stm32.11.3.rel1.win32_1.1.100.202309141235/tools/bin/../lib/gcc/arm-none-eabi/11.3.1/thumb/v7-m/nofp\libgcc.a(_aeabi_uldivmod.o)
 .debug_frame   0x0000000000000c84       0x34 C:/ST/STM32CubeIDE_1.14.0/STM32CubeIDE/plugins/com.st.stm32cube.ide.mcu.externaltools.gnu-tools-for-stm32.11.3.rel1.win32_1.1.100.202309141235/tools/bin/../lib/gcc/arm-none-eabi/11.3.1/thumb/v7-m/nofp\libgcc.a(_udivmoddi4.o)

.debug_line_str
                0x0000000000000000       0x75
 .debug_line_str
                0x0000000000000000       0x75 ./Startup/startup_stm32f103c8tx.o
                                         0x8d (size before relaxing)
