../Src/MCAL/EXTI_program.c:18:6:EXTI_Interrupt_Enable	8	static
../Src/MCAL/EXTI_program.c:30:6:EXTI_Interrupt_Disable	0	static
../Src/MCAL/EXTI_program.c:34:6:EXTI_SetCallBack	0	static
../Src/MCAL/EXTI_program.c:45:6:EXTI0_IRQHandler	0	static
../Src/MCAL/EXTI_program.c:54:6:EXTI1_IRQHandler	0	static
../Src/MCAL/EXTI_program.c:63:6:EXTI2_IRQHandler	0	static
../Src/MCAL/EXTI_program.c:72:6:EXTI3_IRQHandler	0	static
../Src/MCAL/EXTI_program.c:81:6:EXTI4_IRQHandler	0	static
../Src/MCAL/EXTI_program.c:90:6:EXTI9_5_IRQHandler	24	static
../Src/MCAL/EXTI_program.c:105:6:EXTI15_10_IRQHandler	24	static
